---
source: tests/integration_tests/caldav/calendar.rs
expression: body
---
<?xml version="1.0" encoding="utf-8"?>
<multistatus xmlns="DAV:" xmlns:CAL="urn:ietf:params:xml:ns:caldav" xmlns:CARD="urn:ietf:params:xml:ns:carddav" xmlns:CS="http://calendarserver.org/ns/" xmlns:PUSH="https://bitfire.at/webdav-push">
    <response>
        <href>/caldav/principal/user/calendar/</href>
        <propstat>
            <prop>
                <calendar-color xmlns="http://apple.com/ns/ical/">#00FF00</calendar-color>
                <CAL:calendar-description>Description</CAL:calendar-description>
                <CAL:calendar-timezone>BEGIN:VCALENDAR&#13;
PRODID:-//github.com/lennart-k/vzic-rs//RustiCal Calendar server//EN&#13;
VERSION:2.0&#13;
BEGIN:VTIMEZONE&#13;
TZID:US/Eastern&#13;
TZID-ALIAS-OF:America/New_York&#13;
LAST-MODIFIED:20260124T185655Z&#13;
X-LIC-LOCATION:US/Eastern&#13;
X-PROLEPTIC-TZNAME:LMT&#13;
BEGIN:STANDARD&#13;
TZNAME:EST&#13;
TZOFFSETFROM:-045602&#13;
TZOFFSETTO:-0500&#13;
DTSTART:18831118T120358&#13;
END:STANDARD&#13;
BEGIN:DAYLIGHT&#13;
TZNAME:EDT&#13;
TZOFFSETFROM:-0500&#13;
TZOFFSETTO:-0400&#13;
DTSTART:19180331T020000&#13;
RRULE:FREQ=YEARLY;BYMONTH=3;BYDAY=-1SU;UNTIL=19200328T070000Z&#13;
END:DAYLIGHT&#13;
BEGIN:STANDARD&#13;
TZNAME:EST&#13;
TZOFFSETFROM:-0400&#13;
TZOFFSETTO:-0500&#13;
DTSTART:19181027T020000&#13;
RRULE:FREQ=YEARLY;BYMONTH=10;BYDAY=-1SU;UNTIL=19201031T060000Z&#13;
END:STANDARD&#13;
BEGIN:DAYLIGHT&#13;
TZNAME:EDT&#13;
TZOFFSETFROM:-0500&#13;
TZOFFSETTO:-0400&#13;
DTSTART:19210424T020000&#13;
RRULE:FREQ=YEARLY;BYMONTH=4;BYDAY=-1SU;UNTIL=19410427T070000Z&#13;
END:DAYLIGHT&#13;
BEGIN:STANDARD&#13;
TZNAME:EST&#13;
TZOFFSETFROM:-0400&#13;
TZOFFSETTO:-0500&#13;
DTSTART:19210925T020000&#13;
RRULE:FREQ=YEARLY;BYMONTH=9;BYDAY=-1SU;UNTIL=19410928T060000Z&#13;
END:STANDARD&#13;
BEGIN:DAYLIGHT&#13;
TZNAME:EWT&#13;
TZOFFSETFROM:-0500&#13;
TZOFFSETTO:-0400&#13;
DTSTART:19420209T020000&#13;
END:DAYLIGHT&#13;
BEGIN:DAYLIGHT&#13;
TZNAME:EPT&#13;
TZOFFSETFROM:-0400&#13;
TZOFFSETTO:-0400&#13;
DTSTART:19450814T190000&#13;
END:DAYLIGHT&#13;
BEGIN:STANDARD&#13;
TZNAME:EST&#13;
TZOFFSETFROM:-0400&#13;
TZOFFSETTO:-0500&#13;
DTSTART:19450930T020000&#13;
END:STANDARD&#13;
BEGIN:DAYLIGHT&#13;
TZNAME:EDT&#13;
TZOFFSETFROM:-0500&#13;
TZOFFSETTO:-0400&#13;
DTSTART:19460428T020000&#13;
RRULE:FREQ=YEARLY;BYMONTH=4;BYDAY=-1SU;UNTIL=19730429T070000Z&#13;
END:DAYLIGHT&#13;
BEGIN:STANDARD&#13;
TZNAME:EST&#13;
TZOFFSETFROM:-0400&#13;
TZOFFSETTO:-0500&#13;
DTSTART:19460929T020000&#13;
RRULE:FREQ=YEARLY;BYMONTH=9;BYDAY=-1SU;UNTIL=19540926T060000Z&#13;
END:STANDARD&#13;
BEGIN:STANDARD&#13;
TZNAME:EST&#13;
TZOFFSETFROM:-0400&#13;
TZOFFSETTO:-0500&#13;
DTSTART:19551030T020000&#13;
RRULE:FREQ=YEARLY;BYMONTH=10;BYDAY=-1SU;UNTIL=20061029T060000Z&#13;
END:STANDARD&#13;
BEGIN:DAYLIGHT&#13;
TZNAME:EDT&#13;
TZOFFSETFROM:-0500&#13;
TZOFFSETTO:-0400&#13;
DTSTART:19740106T020000&#13;
RDATE:19750223T020000&#13;
END:DAYLIGHT&#13;
BEGIN:DAYLIGHT&#13;
TZNAME:EDT&#13;
TZOFFSETFROM:-0500&#13;
TZOFFSETTO:-0400&#13;
DTSTART:19760425T020000&#13;
RRULE:FREQ=YEARLY;BYMONTH=4;BYDAY=-1SU;UNTIL=19860427T070000Z&#13;
END:DAYLIGHT&#13;
BEGIN:DAYLIGHT&#13;
TZNAME:EDT&#13;
TZOFFSETFROM:-0500&#13;
TZOFFSETTO:-0400&#13;
DTSTART:19870405T020000&#13;
RRULE:FREQ=YEARLY;BYMONTH=4;BYDAY=1SU;UNTIL=20060402T070000Z&#13;
END:DAYLIGHT&#13;
BEGIN:DAYLIGHT&#13;
TZNAME:EDT&#13;
TZOFFSETFROM:-0500&#13;
TZOFFSETTO:-0400&#13;
DTSTART:20070311T020000&#13;
RRULE:FREQ=YEARLY;BYMONTH=3;BYDAY=2SU&#13;
END:DAYLIGHT&#13;
BEGIN:STANDARD&#13;
TZNAME:EST&#13;
TZOFFSETFROM:-0400&#13;
TZOFFSETTO:-0500&#13;
DTSTART:20071104T020000&#13;
RRULE:FREQ=YEARLY;BYMONTH=11;BYDAY=1SU&#13;
END:STANDARD&#13;
END:VTIMEZONE&#13;
END:VCALENDAR&#13;
</CAL:calendar-timezone>
                <CAL:timezone-service-set>
                    <href>https://www.iana.org/time-zones</href>
                </CAL:timezone-service-set>
                <CAL:calendar-timezone-id>US/Eastern</CAL:calendar-timezone-id>
                <calendar-order xmlns="http://apple.com/ns/ical/">0</calendar-order>
                <CAL:supported-calendar-component-set>
                    <CAL:comp name="VEVENT"/>
                    <CAL:comp name="VTODO"/>
                    <CAL:comp name="VJOURNAL"/>
                </CAL:supported-calendar-component-set>
                <CAL:supported-calendar-data>
                    <CAL:calendar-data content-type="text/calendar" version="2.0"/>
                </CAL:supported-calendar-data>
                <CAL:supported-collation-set>
                    <CAL:supported-collation>i;ascii-casemap</CAL:supported-collation>
                    <CAL:supported-collation>i;unicode-casemap</CAL:supported-collation>
                    <CAL:supported-collation>i;octet</CAL:supported-collation>
                </CAL:supported-collation-set>
                <CAL:max-resource-size>10000000</CAL:max-resource-size>
                <supported-report-set>
                    <supported-report>
                        <report>
                            <CAL:calendar-query/>
                        </report>
                    </supported-report>
                    <supported-report>
                        <report>
                            <CAL:calendar-multiget/>
                        </report>
                    </supported-report>
                    <supported-report>
                        <report>
                            <sync-collection/>
                        </report>
                    </supported-report>
                </supported-report-set>
                <CAL:min-date-time>-2621430101T000000Z</CAL:min-date-time>
                <CAL:max-date-time>+2621421231T235959Z</CAL:max-date-time>
                <sync-token>github.com/lennart-k/rustical/ns/0</sync-token>
                <CS:getctag>github.com/lennart-k/rustical/ns/0</CS:getctag>
                <PUSH:transports>
                    <PUSH:web-push>
                        <PUSH:vapid-public-key type="p256ecdsa">[pubkey]</PUSH:vapid-public-key>
                    </PUSH:web-push>
                </PUSH:transports>
                <PUSH:topic>[PUSH_TOPIC]</PUSH:topic>
                <PUSH:supported-triggers>
                    <PUSH:content-update>
                        <depth>1</depth>
                    </PUSH:content-update>
                    <PUSH:property-update>
                        <depth>1</depth>
                    </PUSH:property-update>
                </PUSH:supported-triggers>
                <resourcetype>
                    <collection/>
                    <CAL:calendar/>
                </resourcetype>
                <displayname>Calendar</displayname>
                <current-user-principal>
                    <href>/caldav/principal/user/</href>
                </current-user-principal>
                <current-user-privilege-set>
                    <privilege>
                        <all/>
                    </privilege>
                </current-user-privilege-set>
                <owner>
                    <href>/caldav/principal/user/</href>
                </owner>
            </prop>
            <status>HTTP/1.1 200 OK</status>
        </propstat>
    </response>
</multistatus>
