---
source: tests/integration_tests/caldav/calendar_report.rs
expression: body
---
<?xml version="1.0" encoding="utf-8"?>
<multistatus xmlns="DAV:" xmlns:CAL="urn:ietf:params:xml:ns:caldav" xmlns:CARD="urn:ietf:params:xml:ns:carddav" xmlns:CS="http://calendarserver.org/ns/" xmlns:PUSH="https://bitfire.at/webdav-push">
    <response>
        <href>/caldav/principal/user/calendar/abcd2.ics</href>
        <propstat>
            <prop>
                <CAL:calendar-data>BEGIN:VCALENDAR&#13;
VERSION:2.0&#13;
PRODID:-//Example Corp.//CalDAV Client//EN&#13;
BEGIN:VEVENT&#13;
DTSTAMP:20060206T001121Z&#13;
DTSTART:20060103T170000Z&#13;
DURATION:PT1H&#13;
SUMMARY:Event #2&#13;
UID:abcd2&#13;
RECURRENCE-ID:20060103T170000Z&#13;
END:VEVENT&#13;
BEGIN:VEVENT&#13;
DTSTAMP:20060206T001121Z&#13;
DTSTART:20060104T190000Z&#13;
DURATION:PT1H&#13;
RECURRENCE-ID:20060104T170000Z&#13;
SUMMARY:Event #2 bis&#13;
UID:abcd2&#13;
END:VEVENT&#13;
END:VCALENDAR&#13;
</CAL:calendar-data>
            </prop>
            <status>HTTP/1.1 200 OK</status>
        </propstat>
    </response>
    <response>
        <href>/caldav/principal/user/calendar/abcd3.ics</href>
        <propstat>
            <prop>
                <CAL:calendar-data>BEGIN:VCALENDAR&#13;
VERSION:2.0&#13;
PRODID:-//Example Corp.//CalDAV Client//EN&#13;
BEGIN:VEVENT&#13;
ATTENDEE;PARTSTAT=ACCEPTED;ROLE=CHAIR:mailto:cyrus@example.com&#13;
ATTENDEE;PARTSTAT=NEEDS-ACTION:mailto:lisa@example.com&#13;
DTSTAMP:20060206T001220Z&#13;
DTSTART:20060104T150000Z&#13;
DURATION:PT1H&#13;
LAST-MODIFIED:20060206T001330Z&#13;
ORGANIZER:mailto:cyrus@example.com&#13;
SEQUENCE:1&#13;
STATUS:TENTATIVE&#13;
SUMMARY:Event #3&#13;
UID:abcd3&#13;
X-ABC-GUID:E1CX5Dr-0007ym-Hz@example.com&#13;
END:VEVENT&#13;
END:VCALENDAR&#13;
</CAL:calendar-data>
            </prop>
            <status>HTTP/1.1 200 OK</status>
        </propstat>
    </response>
</multistatus>
